[www.davincicorps.com/index.html]
[backblue.gif]
[fade.gif]
[index.html]
[www.davincicorps.com/assets/img/favicon (1).png]
[www.davincicorps.com/assets/vendor/aos/aos.css]
[www.davincicorps.com/assets/vendor/bootstrap-icons/bootstrap-icons.css]
[maxcdn.bootstrapcdn.com/bootstrap/4.5.2/css/bootstrap.min.css]
[www.davincicorps.com/assets/vendor/boxicons/css/boxicons.min.css]
[www.davincicorps.com/assets/vendor/glightbox/css/glightbox.min.css]
[www.davincicorps.com/assets/vendor/swiper/swiper-bundle.min.css]
[www.davincicorps.com/assets/vendor/floating-wpp/floating-wpp.min.css]
[assets.calendly.com/assets/external/widget.css]
[www.davincicorps.com/assets/css/style.css]
[www.davincicorps.com/index-2.html]
[www.davincicorps.com/assets/img/logof.png]
[www.davincicorps.com/assets/img/zoom2.png]
[img.icons8.com/color/53/000000/whatsapp--v6.png]
[www.davincicorps.com/assets/img/undraw_Bookmarks_re_mq1u.png]
[www.davincicorps.com/assets/img/undraw_Connected_re_lmq2.png]
[www.davincicorps.com/assets/img/undraw_Messaging_app_re_aytg.png]
[www.davincicorps.com/assets/img/undraw_Receipt_re_fre3.png]
[www.davincicorps.com/assets/img/undraw_Metrics_re_6g90.png]
[www.davincicorps.com/assets/img/undraw_Mobile_apps_re_3wjf (1).png]
[www.davincicorps.com/assets/img/undraw_In_progress_re_m1l6.png]
[www.davincicorps.com/assets/img/company/samsung.jpg]
[www.davincicorps.com/assets/img/Amazon logo.png]
[www.davincicorps.com/assets/img/unnamed.png]
[www.davincicorps.com/assets/img/58480fd7cef1014c0b5e4943.png]
[www.davincicorps.com/assets/img/company/deloitte.jpg]
[www.davincicorps.com/assets/img/Accenture-Logo-2001.png]
[www.davincicorps.com/assets/img/services/2.jpg]
[www.davincicorps.com/assets/img/services/6.jpg]
[www.davincicorps.com/assets/img/services/7.jpg]
[www.davincicorps.com/assets/img/services/5.jpg]
[www.davincicorps.com/assets/img/services/3.jpg]
[www.davincicorps.com/assets/img/services/WhatsApp Image 2021-04-23 at 6.25.52 PM.jpg]
[www.davincicorps.com/assets/img/services/1.jpg]
[www.davincicorps.com/assets/img/services/4.jpg]
[www.davincicorps.com/assets/img/services/8.jpg]
[www.davincicorps.com/assets/img/gifs/kazcade.gif]
[www.davincicorps.com/assets/img/gifs/doctor.gif]
[www.davincicorps.com/assets/img/gifs/sharp.gif]
[www.davincicorps.com/assets/img/flashb/WhatsApp Image 2021-04-23 at 4.35.52 AM.jpg]
[www.davincicorps.com/assets/img/bank/WhatsApp Image 2021-04-23 at 4.35.52 AM (1).jpg]
[www.davincicorps.com/assets/img/vocalforlocal/v3.jpg]
[www.davincicorps.com/assets/img/stopNC/su4.jpg]
[www.davincicorps.com/assets/img/job/j4.jpg]
[www.davincicorps.com/assets/img/navguru/ng1.jpg]
[www.davincicorps.com/assets/img/doctor/d4.jpg]
[www.davincicorps.com/assets/img/ocean/ot1.jpg]
[www.davincicorps.com/assets/img/ipl/t1.jpg]
[www.davincicorps.com/assets/img/testi/kascade.jpg]
[www.davincicorps.com/assets/img/testi/s.jpg]
[www.davincicorps.com/assets/img/testi/Untitled-3.jpg]
[www.davincicorps.com/assets/img/testi/deepak.jpg]
[img.icons8.com/color/48/000000/zoom.png]
[img.icons8.com/officel/40/000000/whatsapp.png]
[www.davincicorps.com/assets/img/kaz/k1.jpg]
[www.davincicorps.com/assets/img/kaz/k2.jpg]
[www.davincicorps.com/assets/img/kaz/k3.jpg]
[www.davincicorps.com/assets/img/kaz/k4.jpg]
[www.davincicorps.com/assets/img/kaz/k5.jpg]
[www.davincicorps.com/assets/js/carousel.js]
[www.davincicorps.com/assets/img/plasmaweb/p1.jpg]
[www.davincicorps.com/assets/img/plasmaweb/p2.jpg]
[www.davincicorps.com/assets/img/plasmaweb/p3.jpg]
[www.davincicorps.com/assets/img/plasmaweb/p4.jpg]
[www.davincicorps.com/assets/img/sharpmindlabs/a.png]
[www.davincicorps.com/assets/img/sharpmindlabs/sharp.png]
[www.davincicorps.com/assets/img/sharpmindlabs/c.gif]
[www.davincicorps.com/assets/img/flashb/f1.jpg]
[www.davincicorps.com/assets/img/flashb/f2.jpg]
[www.davincicorps.com/assets/img/flashb/f3.jpg]
[www.davincicorps.com/assets/img/bank/b1.jpg]
[www.davincicorps.com/assets/img/bank/b2.jpg]
[www.davincicorps.com/assets/img/bank/b3.jpg]
[www.davincicorps.com/assets/img/gifs/vocal4local.gif]
[www.davincicorps.com/assets/img/vocalforlocal/v1.jpg]
[www.davincicorps.com/assets/img/vocalforlocal/v2.jpg]
[www.davincicorps.com/assets/img/stopNC/su1.jpg]
[www.davincicorps.com/assets/img/stopNC/su2.jpg]
[www.davincicorps.com/assets/img/stopNC/su14.jpg]
[www.davincicorps.com/assets/img/job/j2.jpg]
[www.davincicorps.com/assets/img/job/j3.jpg]
[www.davincicorps.com/assets/img/job/j41.jpg]
[www.davincicorps.com/assets/img/job/j5.jpg]
[www.davincicorps.com/assets/img/navguru/ng11.jpg]
[www.davincicorps.com/assets/img/navguru/ng2.jpg]
[www.davincicorps.com/assets/img/navguru/ng3.jpg]
[www.davincicorps.com/assets/img/navguru/ng4.jpg]
[www.davincicorps.com/assets/img/doctor/d1.jpg]
[www.davincicorps.com/assets/img/doctor/d2.jpg]
[www.davincicorps.com/assets/img/doctor/d3.jpg]
[www.davincicorps.com/assets/img/doctor/d41.jpg]
[www.davincicorps.com/assets/img/ocean/ot11.jpg]
[www.davincicorps.com/assets/img/ocean/ot2.jpg]
[www.davincicorps.com/assets/img/ocean/ot3.jpg]
[www.davincicorps.com/assets/img/ocean/ot4.jpg]
[www.davincicorps.com/assets/img/ipl/i2.jpg]
[www.davincicorps.com/assets/img/ipl/i3.jpg]
[www.davincicorps.com/assets/img/ipl/i11.jpg]
[www.davincicorps.com/assets/img/ipl/i4.jpg]
[www.davincicorps.com/assets/vendor/aos/aos.js]
[www.davincicorps.com/assets/vendor/php-email-form/validate.js]
[www.davincicorps.com/assets/vendor/swiper/swiper-bundle.min.js]
[www.davincicorps.com/assets/vendor/purecounter/purecounter.js]
[ajax.googleapis.com/ajax/libs/jquery/3.6.0/jquery.min.js]
[cdnjs.cloudflare.com/ajax/libs/popper.js/1.16.0/umd/popper.min.js]
[maxcdn.bootstrapcdn.com/bootstrap/4.5.2/js/bootstrap.min.js]
[www.davincicorps.com/assets/js/particles.js]
[www.davincicorps.com/assets/js/app.js]
[www.davincicorps.com/assets/vendor/floating-wpp/floating-wpp.min.js]
[assets.calendly.com/assets/external/widget.js]
[www.davincicorps.com/index.html]
[www.davincicorps.com/assets/vendor/aos/aos.css]
[www.davincicorps.com/assets/js/main.js]
[www.davincicorps.com/assets/vendor/bootstrap-icons/fonts/bootstrap-icons289b.woff]
[www.davincicorps.com/assets/vendor/bootstrap-icons/fonts/bootstrap-icons289b.woff2]
[www.davincicorps.com/assets/vendor/bootstrap-icons/bootstrap-icons.css]
[maxcdn.bootstrapcdn.com/bootstrap/4.5.2/css/bootstrap.min.css]
[www.davincicorps.com/assets/vendor/boxicons/fonts/boxicons.eot]
[www.davincicorps.com/assets/vendor/boxicons/fonts/boxicons.woff2]
[www.davincicorps.com/assets/vendor/boxicons/fonts/boxicons.woff]
[www.davincicorps.com/assets/vendor/boxicons/fonts/boxicons.ttf]
[www.davincicorps.com/assets/vendor/boxicons/css/boxicons.min.css]
[www.davincicorps.com/assets/vendor/glightbox/css/glightbox.min.css]
[www.davincicorps.com/assets/vendor/swiper/swiper-bundle.min.css]
[www.davincicorps.com/assets/vendor/floating-wpp/floating-wpp.min.css]
[www.davincicorps.com/assets/vendor/boxicons/fonts/boxiconsd41d.svg]
[assets.calendly.com/assets/external/widget.css]
[www.davincicorps.com/assets/css/style.css]
[www.davincicorps.com/index-2.html]
[assets.calendly.com/assets/external/close-icon.svg]
[www.davincicorps.com/assets/vendor/boxicons/fonts/boxiconsd41d.svg]
[assets.calendly.com/assets/external/close-icon.svg]
[www.davincicorps.com/assets/vendor/isotope-layout/isotope.pkgd.min.js]
[www.davincicorps.com/assets/vendor/glightbox/js/glightbox.min.js]
